[2026-08-24 18:45:50]   過濾：113 間 → 保留 77 間有 WhatsApp/Email 的商家
[2026-08-24 18:45:50] == 開始克隆 77 個商家首頁 → /home/ubuntu/.mok/html/project/MokCs ==
[2026-08-24 18:45:50] [1/77] Hutong | https://hutong.com.hk/
[2026-08-24 18:45:50]   ↳ 已存在，跳過 (Hutong.html)
[2026-08-24 18:45:50] [2/77] The Chairman Restaurant | https://www.thechairmangroup.com/
[2026-08-24 18:45:50]   ↳ 已存在，跳過 (The-Chairman-Restaurant.html)
[2026-08-24 18:45:50] [3/77] 南蛮亭香港店 | http://nanbantei.com.hk/
[2026-08-24 18:45:50]   ↳ 已存在，跳過 (南蛮亭香港店.html)
[2026-08-24 18:45:50] [4/77] 添好運點心專賣店 | https://www.timhowan.com.hk/
[2026-08-24 18:45:50]   ↳ 已存在，跳過 (添好運點心專賣店.html)
[2026-08-24 18:45:50] [5/77] La Petite Maison (LPM) Hong Ko | https://lpmrestaurants.com/hongkong/
[2026-08-24 18:45:50]   ↳ 已存在，跳過 (La-Petite-Maison-LPM-Hong-Kong.html)
[2026-08-24 18:45:50] [6/77] Glow Hong Kong | https://www.glowspa.hk/
[2026-08-24 18:45:50]   ↳ 已存在，跳過 (Glow-Hong-Kong.html)
[2026-08-24 18:45:50] [7/77] Mó The Slow Bloom | https://www.mo-hk.com/
[2026-08-24 18:45:50]   ↳ 已存在，跳過 (Mó-The-Slow-Bloom.html)
[2026-08-24 18:45:50] [8/77] Lux Medical 医繊美 | https://www.luxbeauty.hk/
[2026-08-24 18:45:50]   ↳ 已存在，跳過 (Lux-Medical-医繊美.html)
[2026-08-24 18:45:50] [9/77] 114HAIR | http://www.114hair.com/
[2026-08-24 18:45:50]   ↳ 已存在，跳過 (114HAIR.html)
[2026-08-24 18:45:50] [10/77] Love Hair | http://www.lovehairhk.com/
[2026-08-24 18:45:50]   ↳ 已存在，跳過 (Love-Hair.html)
[2026-08-24 18:45:50] [11/77] TONI&GUY HK | http://www.toniandguyhk.com/
[2026-08-24 18:45:50]   ↳ 已存在，跳過 (TONIGUY-HK.html)
[2026-08-24 18:45:50] [12/77] iMPROVE HAiR-尖沙咀salon 尖沙咀剪髮 尖沙 | http://www.ihair.com.hk/
[2026-08-24 18:45:50]   ↳ 已存在，跳過 (iMPROVE-HAiR-尖沙咀salon-尖沙咀剪髮-尖沙咀髮廊-尖沙咀中藥染髮-尖沙咀假髮-尖沙咀頭皮護理.html)
[2026-08-24 18:45:50] [13/77] 金澱装修工程有限公司 | https://www.palaceengineeringltd.com/
[2026-08-24 18:45:50]   ↳ 已存在，跳過 (金澱装修工程有限公司.html)
[2026-08-24 18:45:50] [14/77] 鋒主義 - 室內設計公司 | 室內裝修工程 | 工期 報價  | https://www.fungstyle.com.hk/
[2026-08-24 18:45:50]   ↳ 已存在，跳過 (鋒主義---室內設計公司-室內裝修工程-工期-報價-服務-三大保證.html)
[2026-08-24 18:45:50] [15/77] 装修兄弟 | http://www.renobro.com.hk/
[2026-08-24 18:45:50]   ↳ 已存在，跳過 (装修兄弟.html)
[2026-08-24 18:45:50] [16/77] 居屋皇 House king | 香港室内設計及装修公司 | http://housekinghk.com/
[2026-08-24 18:45:50]   ↳ 已存在，跳過 (居屋皇-House-king-香港室内設計及装修公司.html)
[2026-08-24 18:45:50] [17/77] Toby 裝修設計平台｜免費裝修報價｜香港裝修公司及室內設計 | https://www.hellotoby.com/zh-hk/id
[2026-08-24 18:45:50]   ↳ 已存在，跳過 (Toby-裝修設計平台免費裝修報價香港裝修公司及室內設計公司.html)
[2026-08-24 18:45:50] [18/77] PET HK - Mid Levels Edition | http://pethk.com/
[2026-08-24 18:45:50]   ↳ 已存在，跳過 (PET-HK---Mid-Levels-Edition.html)
[2026-08-24 18:45:50] [19/77] Ruff & Fetch 拉夫寵物生活 (佐敦 Jordan | http://www.ruffandfetch.com/
[2026-08-24 18:45:50]   ↳ 已存在，跳過 (Ruff--Fetch-拉夫寵物生活-佐敦-Jordan.html)
[2026-08-24 18:45:50] [20/77] HKTA香港導師会 | https://www.hkta.edu.hk/
[2026-08-24 18:45:50]   ↳ 已存在，跳過 (HKTA香港導師会.html)
[2026-08-24 18:45:50] [21/77] 騎士数学 Knight Mathematics - Band | https://knightmaths.edu.hk/
[2026-08-24 18:45:50]   ↳ 已存在，跳過 (騎士数学-Knight-Mathematics---Band-1-DSE-数学補習社.html)
[2026-08-24 18:45:50] [22/77] 香港文化教育中心 | https://docs.google.com/forms/d/e/1FAIpQLSdjgsQlR4w8ZgKgE9RgAUPsPwrZzAZpo5SCULDDOgygEdeDnQ/viewform
[2026-08-24 18:45:50]   ↳ 已存在，跳過 (香港文化教育中心.html)
[2026-08-24 18:45:50] [23/77] GETUTOR 香港導師総会｜上門補習中介平台｜私補導師推介 | https://www.getutor.com.hk/
[2026-08-24 18:45:50]   ↳ 已存在，跳過 (GETUTOR-香港導師総会上門補習中介平台私補導師推介Private-Tutors-AgencyIB-IGCSE-A.html)
[2026-08-24 18:45:50] [24/77] 英博教学中心 - 数学中文英文補習 - 中小学補習社 | https://eplc.edu.hk/
[2026-08-24 18:45:50]   ↳ 已存在，跳過 (英博教学中心---数学中文英文補習---中小学補習社.html)
[2026-08-24 18:45:50] [25/77] 進研教育 - 英文中文数学補習社 | https://joinin-education.com/
[2026-08-24 18:45:51]   ✓ 已儲存 進研教育---英文中文数学補習社.html (584KB, requests 589976B)
[2026-08-24 18:45:51] [26/77] 學斯教育(灣仔) | http://hoksi-edu.com/
[2026-08-24 18:45:51]   ✓ 已儲存 學斯教育灣仔.html (62KB, requests 55081B)
[2026-08-24 18:45:52] [27/77] 補習社｜学博教育 Learn Smart Education | https://learnsmart.edu.hk/
[2026-08-24 18:45:52]   ✓ 已儲存 補習社学博教育-Learn-Smart-Education.html (280KB, requests 253628B)
[2026-08-24 18:45:53] [28/77] 24/7 Fitness Central | http://247.fitness/
[2026-08-24 18:45:53]   ✓ 已儲存 24-7-Fitness-Central.html (203KB, requests 180498B)
[2026-08-24 18:45:54] [29/77] 啓弘牙科（旺角店）丨九龍/旺角牙医/智慧歯/箍牙/隠式美/全 | https://omnesdental.com/
[2026-08-24 18:45:54]   ✓ 已儲存 啓弘牙科旺角店丨九龍-旺角牙医-智慧歯-箍牙-隠式美-全方位牙科服務-専業治療牙痛-種植牙-補牙-剥牙-洗牙.html (217KB, requests 216003B)
[2026-08-24 18:45:54] [30/77] Smith & Jain Dentists 史密夫和鄭牙醫診 | https://smithandjaindentists.com/
[2026-08-24 18:45:55]   ✓ 已儲存 Smith--Jain-Dentists-史密夫和鄭牙醫診所.html (282KB, requests 285308B)
[2026-08-24 18:45:56] [31/77] Home Dental (Tsim Sha Tsui Bra | https://homedentalhk.com/cn/contact-us/tst
[2026-08-24 18:45:56]   ✓ 已儲存 Home-Dental-Tsim-Sha-Tsui-Branch.html (229KB, requests 207160B)
[2026-08-24 18:45:57] [32/77] 伍裕彤牙医 | https://trucaredental.hk/
[2026-08-24 18:45:57]   ✓ 已儲存 伍裕彤牙医.html (404KB, requests 403605B)
[2026-08-24 18:45:57] [33/77] Home Dental | https://homedentalhk.com/cn/contact-us/cwb
[2026-08-24 18:45:58]   ✓ 已儲存 Home-Dental.html (253KB, requests 222676B)
[2026-08-24 18:45:58] [34/77] T.O.P Dental by Family Smile L | http://www.topdental.hk/
[2026-08-24 18:45:58]   ✓ 已儲存 T.O.P-Dental-by-Family-Smile-Ltd-香港牙科醫療集團-旺角太子牙醫中心.html (1357KB, requests 1388107B)
[2026-08-24 18:45:59] [35/77] Metro Dental 城健総合牙科医療中心 | https://www.metrodental.com.hk/
[2026-08-24 18:45:59]   ✓ 已儲存 Metro-Dental-城健総合牙科医療中心.html (149KB, requests 147956B)
[2026-08-24 18:46:00] [36/77] 大国手 汽車車身維修 Grand Tycoon Automo | http://grandtycoon.com/
[2026-08-24 18:46:01]   ✓ 已儲存 大国手-汽車車身維修-Grand-Tycoon-Automotive-Repair-Shop.html (77KB, requests 78031B)
[2026-08-24 18:46:01] [37/77] AutoMate | Sham Shui Po Shop | https://www.automate-app.com/auto-shop
[2026-08-24 18:46:01]   ✓ 已儲存 AutoMate-Sham-Shui-Po-Shop.html (106KB, requests 100768B)
[2026-08-24 18:46:01] [38/77] Carol Garage Limited | http://www.carolgarage.com.hk/
[2026-08-24 18:46:03]   ✓ 已儲存 Carol-Garage-Limited.html (326KB, requests 331009B)
[2026-08-24 18:46:04] [39/77] 八方汽車 | Power Moto Limited | http://www.power-moto.hk/
[2026-08-24 18:46:04]   ✓ 已儲存 八方汽車-Power-Moto-Limited.html (550KB, requests 561170B)
[2026-08-24 18:46:04] [40/77] Flow & Roll Laundry 自助洗衣 (中環 C | https://flowandroll.com/
[2026-08-24 18:46:05]   ✓ 已儲存 Flow--Roll-Laundry-自助洗衣-中環-Central.html (81KB, requests 81719B)
[2026-08-24 18:46:05] [41/77] 初洗 First Laundry 觀塘24小時自助洗衣店 | https://wa.me/85268716550
[2026-08-24 18:46:06]   ✓ 已儲存 初洗-First-Laundry-觀塘24小時自助洗衣店.html (198KB, requests 200467B)
[2026-08-24 18:46:06] [42/77] 水漾衣坊 water laundry | https://whalewashmk.hk/
[2026-08-24 18:46:08]   ✓ 已儲存 水漾衣坊-water-laundry.html (175KB, requests 175621B)
[2026-08-24 18:46:08] [43/77] FLORISTRY by ART OF LIVING | http://www.floristrybyartofliving.com/
[2026-08-24 18:46:09]   ✓ 已儲存 FLORISTRY-by-ART-OF-LIVING.html (193KB, requests 193070B)
[2026-08-24 18:46:09] [44/77] 花籃 450 - Flower 450 | https://flower450.com/
[2026-08-24 18:46:10]   ✓ 已儲存 花籃-450---Flower-450.html (70KB, requests 69116B)
[2026-08-24 18:46:10] [45/77] 優之花鋪-U Flower Shop | https://www.uflowershop.com/
[2026-08-24 18:46:10]   ✓ 已儲存 優之花鋪-U-Flower-Shop.html (117KB, requests 113912B)
[2026-08-24 18:46:11] [46/77] Eternal Flora hk | https://www.eternalflorahk.com/
[2026-08-24 18:46:11]   ✓ 已儲存 Eternal-Flora-hk.html (115KB, requests 113983B)
[2026-08-24 18:46:12] [47/77] FDHK - Flower Delivery Hong Ko | https://flowerdeliveryhongkong.com/
[2026-08-24 18:46:13]   ✓ 已儲存 FDHK---Flower-Delivery-Hong-Kong.html (381KB, requests 362936B)
[2026-08-24 18:46:13] [48/77] Joseph Photo 香港專業攝影工作室 | https://josephphoto.hk/
[2026-08-24 18:46:15]   ✓ 已儲存 Joseph-Photo-香港專業攝影工作室.html (152KB, requests 154344B)
[2026-08-24 18:46:15] [49/77] Majesty Professional Photo殿堂館- | https://www.majestyprofessional.com/
[2026-08-24 18:46:15]   ✓ 已儲存 Majesty-Professional-Photo殿堂館-專業照首選.html (20KB, requests 18871B)
[2026-08-24 18:46:16] [50/77] Owl Photo Studio 貓頭鷹照相館 | https://www.owlphoto.hk/
[2026-08-24 18:46:16]   ✓ 已儲存 Owl-Photo-Studio-貓頭鷹照相館.html (959KB, requests 977994B)
[2026-08-24 18:46:16] [51/77] Yat Tung Heen - Eaton HK | https://www.yattungheen.com/
[2026-08-24 18:46:17]   ✓ 已儲存 Yat-Tung-Heen---Eaton-HK.html (71KB, requests 71260B)
[2026-08-24 18:46:17] [52/77] Hair Quest Hair salon Central | https://www.hairquest-hk.com/
[2026-08-24 18:46:17]   ✓ 已儲存 Hair-Quest-Hair-salon-Central.html (809KB, requests 826490B)
[2026-08-24 18:46:18] [53/77] 天下猫猫一様猫 | https://www.catiscat.com.hk/
[2026-08-24 18:46:18]   ✓ 已儲存 天下猫猫一様猫.html (354KB, requests 355435B)
[2026-08-24 18:46:18] [54/77] Bora beauty | https://bora.hk/
[2026-08-24 18:46:19]   ✓ 已儲存 Bora-beauty.html (457KB, requests 431594B)
[2026-08-24 18:46:19] [55/77] Dream Scenes Studio | http://dreamscenesstudio.com/
[2026-08-24 18:46:23]   ✓ 已儲存 Dream-Scenes-Studio.html (231KB, requests 231368B)
[2026-08-24 18:46:23] [56/77] Dazzling Smile Dental Clinic 瑩 | https://dazzlingsmiledentalclinic.com/
[2026-08-24 18:46:28]   ✓ 已儲存 Dazzling-Smile-Dental-Clinic-瑩恩牙科診所.html (202KB, requests 206106B)
[2026-08-24 18:46:28] [57/77] Family Smile Limited | http://www.familysmile.hk/
[2026-08-24 18:46:32]   ✓ 已儲存 Family-Smile-Limited.html (170KB, requests 173217B)
[2026-08-24 18:46:32] [58/77] INDULGENCE hair & beauty salon | http://www.indulgence.hk/
[2026-08-24 18:46:33]   ✓ 已儲存 INDULGENCE-hair--beauty-salon.html (103KB, requests 104492B)
[2026-08-24 18:46:34] [59/77] 花店 | 花束專家 | https://www.flowerbouquet.com.hk/
[2026-08-24 18:46:35]   ✓ 已儲存 花店-花束專家.html (222KB, requests 206092B)
[2026-08-24 18:46:35] [60/77] 網上訂花 ‧ 送花香港 | Fdhk 最高評分即日網上花店 | https://flowerdeliveryhongkong.com/zh
[2026-08-24 18:46:36]   ✓ 已儲存 網上訂花--送花香港-Fdhk-最高評分即日網上花店.html (381KB, requests 362936B)
[2026-08-24 18:46:36] [61/77] Rhine Flowers | https://rhineflowers.com/
[2026-08-24 18:46:37]   ✓ 已儲存 Rhine-Flowers.html (312KB, requests 333487B)
[2026-08-24 18:46:37] [62/77] 香港花店｜網上訂花及送花｜Gift Flowers HK | https://giftflowers.com.hk/cn/
[2026-08-24 18:46:37]   ✓ 已儲存 香港花店網上訂花及送花Gift-Flowers-HK.html (234KB, requests 237159B)
[2026-08-24 18:46:38] [63/77] Flora Floriculture - 花店 | https://www.floraf.com.hk/
[2026-08-24 18:46:39]   ✓ 已儲存 Flora-Floriculture---花店.html (60KB, requests 53945B)
[2026-08-24 18:46:39] [64/77] 香港花店 | https://www.mrsliuflorist.com/
[2026-08-24 18:46:39]   ↳ 已存在，跳過 (香港花店.html)
[2026-08-24 18:46:39] [65/77] 網上花店| 網上訂花 | 即日送花 | HKfashop | https://hkfashop.com/
[2026-08-24 18:46:40]   ✓ 已儲存 網上花店-網上訂花-即日送花-HKfashop.html (149KB, requests 146329B)
[2026-08-24 18:46:41] [66/77] 【 送花】 ｜訂花｜Flowerbee Florist訂花束 | https://flowerbee-hk.com/zh
[2026-08-24 18:46:41]   ✓ 已儲存 送花-訂花Flowerbee-Florist訂花束---Flowerbee-HK-Florist.html (331KB, requests 312730B)
[2026-08-24 18:46:42] [67/77] 花點時間｜香港旺角花墟實體花店：24小時訂花、鮮花花束、開張 | https://www.reflower.com.hk/
[2026-08-24 18:46:43]   ✓ 已儲存 花點時間香港旺角花墟實體花店24小時訂花鮮花花束開張花籃鮮花批發---花點時間-Reflower.html (263KB, requests 252293B)
[2026-08-24 18:46:43] [68/77] 香港花店- 首頁花店推薦 - 我們代表和倡導位於香港島、九龍 | https://zh-hk.hk-florist.org/
[2026-08-24 18:46:45]   ✓ 已儲存 香港花店--首頁花店推薦---我們代表和倡導位於香港島九龍和新界的花店以及在線花店和鮮花配送公司.html (187KB, requests 181455B)
[2026-08-24 18:46:45] [69/77] 有花漾 ZH Flowers | https://www.zh-flowers.com/
[2026-08-24 18:46:46]   ✓ 已儲存 有花漾-ZH-Flowers.html (21KB, requests 16635B)
[2026-08-24 18:46:46] [70/77] 花店花生花華 | FaSunflower Florist | https://www.fasunflower.com/
[2026-08-24 18:46:47]   ✓ 已儲存 花店花生花華-FaSunflower-Florist.html (2983KB, requests 3032434B)
[2026-08-24 18:46:47] [71/77] 格蘭花店 Grand Floral & Gift Shop | https://grand.com.hk/
[2026-08-24 18:46:48]   ✓ 已儲存 格蘭花店-Grand-Floral--Gift-Shop.html (401KB, requests 411678B)
[2026-08-24 18:46:48] [72/77] WHY Studio - 上環證件相｜學生相｜專業形象照 | https://www.whystudiohk.com/
[2026-08-24 18:46:50]   ✓ 已儲存 WHY-Studio---上環證件相學生相專業形象照.html (516KB, requests 523158B)
[2026-08-24 18:46:51] [73/77] Cat Watt 晴珊猫舎 | http://www.catwatt.com/
[2026-08-24 18:46:51]   ✓ 已儲存 Cat-Watt-晴珊猫舎.html (424KB, requests 431291B)
[2026-08-24 18:46:52] [74/77] 牙齒矯正及兒童齒科中心 (旺角朗豪坊) | Orthodon | https://www.ortho-center.com/
[2026-08-24 18:46:53]   ✓ 已儲存 牙齒矯正及兒童齒科中心-旺角朗豪坊-Orthodontic--Childrens-Dental-Center-Langh.html (137KB, requests 139343B)
[2026-08-24 18:46:54] [75/77] HALO Flowers | https://haloflowers.com.hk/zh-hant/
[2026-08-24 18:46:55]   ✓ 已儲存 HALO-Flowers.html (357KB, requests 357798B)
[2026-08-24 18:46:56] [76/77] Pettington 柏靈頓獸醫寵物用品 | https://www.pettington.com/
[2026-08-24 18:46:56]   ✓ 已儲存 Pettington-柏靈頓獸醫寵物用品.html (524KB, requests 523531B)
[2026-08-24 18:46:56] [77/77] 皓保牙科診所 Craft Smile Dental Cent | https://zh.drchrischeung.com/
[2026-08-24 18:46:56]   ✓ 已儲存 皓保牙科診所-Craft-Smile-Dental-Center.html (571KB, requests 583349B)
[2026-08-24 18:46:57] == 完成 ==
[2026-08-24 18:46:57] 成功 77 個，失敗 0 個

── 失敗清單 ──
